graph graphname {
a [label="head:a"]
a -- a_1
b [label="head:b"]
b -- b_1
a_1 [label="VAR: b" color="green"]
b_1 [label="VAR: c" color="green"]
}
