graph graphname {
b [label="head:b"]
b -- b_1
b [label="head:b"]
b -- b_1
MAIN__ [label="MAIN" color=red]
MAIN__ -- b
b_1 [label="VAR: t" color="green"]
b_1 [label="WORD: abc" color="purple"]
}
