graph graphname {
n [label="head:n"]
n -- n_1
MAIN__ [label="MAIN" color=red]
MAIN__ -- n
n_1 [label="VAR: na" color="green"]
}
