ui               := ^dkk^
d := (^ui^ | ui) 












return ui
