b := ^j\^^*?+^abf^
c:=                 ^udjf^
a       :=c
d:=a|b
return d
